H1L1-BANK2HDF-1126257636-2048.hdf /home/rutuja.pilgar/gw152/output/bank/H1L1-BANK2HDF-1126257636-2048.hdf pool="local"
H1L1-PLOT_BANK-1126257636-2048.png /home/rutuja.pilgar/gw152/output/results/5._background_triggers/H1L1-PLOT_BANK-1126257636-2048.png pool="local"
H1-HDF_TRIGGER_MERGE_FULL_DATA-1126257636-2048.hdf /home/rutuja.pilgar/gw152/output/full_data/H1-HDF_TRIGGER_MERGE_FULL_DATA-1126257636-2048.hdf pool="local"
L1-HDF_TRIGGER_MERGE_FULL_DATA-1126257636-2048.hdf /home/rutuja.pilgar/gw152/output/full_data/L1-HDF_TRIGGER_MERGE_FULL_DATA-1126257636-2048.hdf pool="local"
H1-FIT_BY_TEMPLATE_FULL_DATA-1126257636-2048.hdf /home/rutuja.pilgar/gw152/output/full_data/H1-FIT_BY_TEMPLATE_FULL_DATA-1126257636-2048.hdf pool="local"
H1-FIT_OVER_PARAM_FULL_DATA-1126257636-2048.hdf /home/rutuja.pilgar/gw152/output/full_data/H1-FIT_OVER_PARAM_FULL_DATA-1126257636-2048.hdf pool="local"
L1-FIT_BY_TEMPLATE_FULL_DATA-1126257636-2048.hdf /home/rutuja.pilgar/gw152/output/full_data/L1-FIT_BY_TEMPLATE_FULL_DATA-1126257636-2048.hdf pool="local"
L1-FIT_OVER_PARAM_FULL_DATA-1126257636-2048.hdf /home/rutuja.pilgar/gw152/output/full_data/L1-FIT_OVER_PARAM_FULL_DATA-1126257636-2048.hdf pool="local"
H1L1-STATMAP_FULL_DATA_2DET-1126257636-2048.hdf /home/rutuja.pilgar/gw152/output/full_data/H1L1-STATMAP_FULL_DATA_2DET-1126257636-2048.hdf pool="local"
L1-SNGLS_STATMAP_FULL_DATA_1DET-1126257636-2048.hdf /home/rutuja.pilgar/gw152/output/full_data/L1-SNGLS_STATMAP_FULL_DATA_1DET-1126257636-2048.hdf pool="local"
H1-SNGLS_STATMAP_FULL_DATA_1DET-1126257636-2048.hdf /home/rutuja.pilgar/gw152/output/full_data/H1-SNGLS_STATMAP_FULL_DATA_1DET-1126257636-2048.hdf pool="local"
H1L1-EXCLUDE_ZEROLAG_FULL_DATA_2DET-1126257636-2048.hdf /home/rutuja.pilgar/gw152/output/full_data/H1L1-EXCLUDE_ZEROLAG_FULL_DATA_2DET-1126257636-2048.hdf pool="local"
L1-EXCLUDE_ZEROLAG_FULL_DATA_1DET-1126257636-2048.hdf /home/rutuja.pilgar/gw152/output/full_data/L1-EXCLUDE_ZEROLAG_FULL_DATA_1DET-1126257636-2048.hdf pool="local"
H1-EXCLUDE_ZEROLAG_FULL_DATA_1DET-1126257636-2048.hdf /home/rutuja.pilgar/gw152/output/full_data/H1-EXCLUDE_ZEROLAG_FULL_DATA_1DET-1126257636-2048.hdf pool="local"
H1L1-COMBINE_STATMAP_FULL_DATA-1126257636-2048.hdf /home/rutuja.pilgar/gw152/output/full_data/H1L1-COMBINE_STATMAP_FULL_DATA-1126257636-2048.hdf pool="local"
H1L1-FOREGROUND_CENSOR-1126257636-2048.xml /home/rutuja.pilgar/gw152/output/segments/H1L1-FOREGROUND_CENSOR-1126257636-2048.xml pool="local"
H1L1-PLOT_SPECTRUM-1126257636-2048.png /home/rutuja.pilgar/gw152/output/results/2._detector_sensitivity/H1L1-PLOT_SPECTRUM-1126257636-2048.png pool="local"
H1L1-PLOT_RANGE_SUMM-1126257636-2048.png /home/rutuja.pilgar/gw152/output/results/2._detector_sensitivity/H1L1-PLOT_RANGE_SUMM-1126257636-2048.png pool="local"
H1L1-PLOT_SEGMENTS_TRIGGERS_GENERATED-1126257636-2048.html /home/rutuja.pilgar/gw152/output/results/1._analysis_time/1.02_segments/H1L1-PLOT_SEGMENTS_TRIGGERS_GENERATED-1126257636-2048.html pool="local"
H1L1-PLOT_GATING_FULL_DATA-1126257636-2048.html /home/rutuja.pilgar/gw152/output/results/1._analysis_time/1.03_gating/H1L1-PLOT_GATING_FULL_DATA-1126257636-2048.html pool="local"
H1L1-PAGE_SEGTABLE_SUMMARY-1126257636-2048.html /home/rutuja.pilgar/gw152/output/results/1._analysis_time/1.02_segments/H1L1-PAGE_SEGTABLE_SUMMARY-1126257636-2048.html pool="local"
H1L1-PAGE_SEGPLOT_SUMMARY-1126257636-2048.html /home/rutuja.pilgar/gw152/output/results/1._analysis_time/1.02_segments/H1L1-PAGE_SEGPLOT_SUMMARY-1126257636-2048.html pool="local"
H1L1-PAGE_SEGTABLE_VETO_SUMMARY-1126257636-2048.html /home/rutuja.pilgar/gw152/output/results/1._analysis_time/1.02_segments/H1L1-PAGE_SEGTABLE_VETO_SUMMARY-1126257636-2048.html pool="local"
H1-PLOT_SNRCHI_FULL_DATA-1126257636-2048.png /home/rutuja.pilgar/gw152/output/results/4._single_triggers/H1-PLOT_SNRCHI_FULL_DATA-1126257636-2048.png pool="local"
L1-PLOT_SNRCHI_FULL_DATA-1126257636-2048.png /home/rutuja.pilgar/gw152/output/results/4._single_triggers/L1-PLOT_SNRCHI_FULL_DATA-1126257636-2048.png pool="local"
H1-PLOT_SINGLES_MTOTAL_ETA_NEWSNR_FULL_DATA-1126257636-2048.png /home/rutuja.pilgar/gw152/output/results/4._single_triggers/4.01_H1_binned_triggers/H1-PLOT_SINGLES_MTOTAL_ETA_NEWSNR_FULL_DATA-1126257636-2048.png pool="local"
H1-PLOT_HIST_SUMM_SNR_FULL_DATA-1126257636-2048.png /home/rutuja.pilgar/gw152/output/results/4._single_triggers/4.02_H1_trigger_histograms/H1-PLOT_HIST_SUMM_SNR_FULL_DATA-1126257636-2048.png pool="local"
H1-PLOT_HIST_SUMM_NEWSNR_FULL_DATA-1126257636-2048.png /home/rutuja.pilgar/gw152/output/results/4._single_triggers/4.02_H1_trigger_histograms/H1-PLOT_HIST_SUMM_NEWSNR_FULL_DATA-1126257636-2048.png pool="local"
H1-PLOT_BINNEDHIST_MTOTAL_FULL_DATA-1126257636-2048.png /home/rutuja.pilgar/gw152/output/results/4._single_triggers/4.03_H1_binned_histograms/H1-PLOT_BINNEDHIST_MTOTAL_FULL_DATA-1126257636-2048.png pool="local"
L1-PLOT_SINGLES_MTOTAL_ETA_NEWSNR_FULL_DATA-1126257636-2048.png /home/rutuja.pilgar/gw152/output/results/4._single_triggers/4.04_L1_binned_triggers/L1-PLOT_SINGLES_MTOTAL_ETA_NEWSNR_FULL_DATA-1126257636-2048.png pool="local"
L1-PLOT_HIST_SUMM_SNR_FULL_DATA-1126257636-2048.png /home/rutuja.pilgar/gw152/output/results/4._single_triggers/4.05_L1_trigger_histograms/L1-PLOT_HIST_SUMM_SNR_FULL_DATA-1126257636-2048.png pool="local"
L1-PLOT_HIST_SUMM_NEWSNR_FULL_DATA-1126257636-2048.png /home/rutuja.pilgar/gw152/output/results/4._single_triggers/4.05_L1_trigger_histograms/L1-PLOT_HIST_SUMM_NEWSNR_FULL_DATA-1126257636-2048.png pool="local"
L1-PLOT_BINNEDHIST_MTOTAL_FULL_DATA-1126257636-2048.png /home/rutuja.pilgar/gw152/output/results/4._single_triggers/4.06_L1_binned_histograms/L1-PLOT_BINNEDHIST_MTOTAL_FULL_DATA-1126257636-2048.png pool="local"
H1L1-PLOT_THROUGHPUT_FULL_DATA-1126257636-2048.png /home/rutuja.pilgar/gw152/output/results/9._workflow/9.01_throughput/H1L1-PLOT_THROUGHPUT_FULL_DATA-1126257636-2048.png pool="local"
H1-SINGLES_MINIFOLLOWUP_FULL_DATA_NONCOINC-1126257636-2048.dax /home/rutuja.pilgar/gw152/output/daxes/H1-SINGLES_MINIFOLLOWUP_FULL_DATA_NONCOINC-1126257636-2048.dax pool="local"
H1-SINGLES_MINIFOLLOWUP_FULL_DATA_NONCOINC-1126257636-2048.dax.map /home/rutuja.pilgar/gw152/output/daxes/H1-SINGLES_MINIFOLLOWUP_FULL_DATA_NONCOINC-1126257636-2048.dax.map pool="local"
H1-SINGLES_MINIFOLLOWUP_FULL_DATA_ALL-1126257636-2048.dax /home/rutuja.pilgar/gw152/output/daxes/H1-SINGLES_MINIFOLLOWUP_FULL_DATA_ALL-1126257636-2048.dax pool="local"
H1-SINGLES_MINIFOLLOWUP_FULL_DATA_ALL-1126257636-2048.dax.map /home/rutuja.pilgar/gw152/output/daxes/H1-SINGLES_MINIFOLLOWUP_FULL_DATA_ALL-1126257636-2048.dax.map pool="local"
H1-SINGLES_MINIFOLLOWUP_FULL_DATA_VETOED-1126257636-2048.dax /home/rutuja.pilgar/gw152/output/daxes/H1-SINGLES_MINIFOLLOWUP_FULL_DATA_VETOED-1126257636-2048.dax pool="local"
H1-SINGLES_MINIFOLLOWUP_FULL_DATA_VETOED-1126257636-2048.dax.map /home/rutuja.pilgar/gw152/output/daxes/H1-SINGLES_MINIFOLLOWUP_FULL_DATA_VETOED-1126257636-2048.dax.map pool="local"
L1-SINGLES_MINIFOLLOWUP_FULL_DATA_NONCOINC-1126257636-2048.dax /home/rutuja.pilgar/gw152/output/daxes/L1-SINGLES_MINIFOLLOWUP_FULL_DATA_NONCOINC-1126257636-2048.dax pool="local"
L1-SINGLES_MINIFOLLOWUP_FULL_DATA_NONCOINC-1126257636-2048.dax.map /home/rutuja.pilgar/gw152/output/daxes/L1-SINGLES_MINIFOLLOWUP_FULL_DATA_NONCOINC-1126257636-2048.dax.map pool="local"
L1-SINGLES_MINIFOLLOWUP_FULL_DATA_ALL-1126257636-2048.dax /home/rutuja.pilgar/gw152/output/daxes/L1-SINGLES_MINIFOLLOWUP_FULL_DATA_ALL-1126257636-2048.dax pool="local"
L1-SINGLES_MINIFOLLOWUP_FULL_DATA_ALL-1126257636-2048.dax.map /home/rutuja.pilgar/gw152/output/daxes/L1-SINGLES_MINIFOLLOWUP_FULL_DATA_ALL-1126257636-2048.dax.map pool="local"
L1-SINGLES_MINIFOLLOWUP_FULL_DATA_VETOED-1126257636-2048.dax /home/rutuja.pilgar/gw152/output/daxes/L1-SINGLES_MINIFOLLOWUP_FULL_DATA_VETOED-1126257636-2048.dax pool="local"
L1-SINGLES_MINIFOLLOWUP_FULL_DATA_VETOED-1126257636-2048.dax.map /home/rutuja.pilgar/gw152/output/daxes/L1-SINGLES_MINIFOLLOWUP_FULL_DATA_VETOED-1126257636-2048.dax.map pool="local"
H1L1-PAGE_IFAR_CATALOG_FULL_DATA_OPEN_BOX-1126257636-2048.png /home/rutuja.pilgar/gw152/output/results/8._open_box_result/H1L1-PAGE_IFAR_CATALOG_FULL_DATA_OPEN_BOX-1126257636-2048.png pool="local"
H1L1-PAGE_FOREGROUND_FULL_DATA-1126257636-2048.html /home/rutuja.pilgar/gw152/output/results/8._open_box_result/H1L1-PAGE_FOREGROUND_FULL_DATA-1126257636-2048.html pool="local"
H1L1-PAGE_FOREGROUND_XMLALL-1126257636-2048.xml /home/rutuja.pilgar/gw152/output/results/8._open_box_result/H1L1-PAGE_FOREGROUND_XMLALL-1126257636-2048.xml pool="local"
H1L1-PAGE_FOREGROUND_XMLLOUDEST-1126257636-2048.xml /home/rutuja.pilgar/gw152/output/results/8._open_box_result/H1L1-PAGE_FOREGROUND_XMLLOUDEST-1126257636-2048.xml pool="local"
H1L1-FOREGROUND_MINIFOLLOWUP_FULL_DATA_FOREGROUND-1126257636-2048.dax /home/rutuja.pilgar/gw152/output/daxes/H1L1-FOREGROUND_MINIFOLLOWUP_FULL_DATA_FOREGROUND-1126257636-2048.dax pool="local"
H1L1-FOREGROUND_MINIFOLLOWUP_FULL_DATA_FOREGROUND-1126257636-2048.dax.map /home/rutuja.pilgar/gw152/output/daxes/H1L1-FOREGROUND_MINIFOLLOWUP_FULL_DATA_FOREGROUND-1126257636-2048.dax.map pool="local"
H1L1-FOREGROUND_MINIFOLLOWUP_FULL_DATA_BACKGROUND-1126257636-2048.dax /home/rutuja.pilgar/gw152/output/daxes/H1L1-FOREGROUND_MINIFOLLOWUP_FULL_DATA_BACKGROUND-1126257636-2048.dax pool="local"
H1L1-FOREGROUND_MINIFOLLOWUP_FULL_DATA_BACKGROUND-1126257636-2048.dax.map /home/rutuja.pilgar/gw152/output/daxes/H1L1-FOREGROUND_MINIFOLLOWUP_FULL_DATA_BACKGROUND-1126257636-2048.dax.map pool="local"
H1L1-PLOT_SNRIFAR_FULL_DATA_2DET-1126257636-2048.png /home/rutuja.pilgar/gw152/output/results/8._open_box_result/8.03_H1L1_candidates/H1L1-PLOT_SNRIFAR_FULL_DATA_2DET-1126257636-2048.png pool="local"
H1L1-PLOT_SNRIFAR_FULL_DATA_2DET_CLOSED-1126257636-2048.png /home/rutuja.pilgar/gw152/output/results/5._background_triggers/5.02_H1L1_background/H1L1-PLOT_SNRIFAR_FULL_DATA_2DET_CLOSED-1126257636-2048.png pool="local"
H1L1-PLOT_SNRRATEHIST_FULL_DATA_2DET-1126257636-2048.png /home/rutuja.pilgar/gw152/output/results/8._open_box_result/8.03_H1L1_candidates/H1L1-PLOT_SNRRATEHIST_FULL_DATA_2DET-1126257636-2048.png pool="local"
H1L1-PLOT_SNRIFAR_FULL_DATA_2DET_IFAR-1126257636-2048.png /home/rutuja.pilgar/gw152/output/results/8._open_box_result/8.03_H1L1_candidates/H1L1-PLOT_SNRIFAR_FULL_DATA_2DET_IFAR-1126257636-2048.png pool="local"
H1L1-PAGE_IFAR_FULL_DATA_2DET_OPEN_BOX-1126257636-2048.png /home/rutuja.pilgar/gw152/output/results/8._open_box_result/8.03_H1L1_candidates/H1L1-PAGE_IFAR_FULL_DATA_2DET_OPEN_BOX-1126257636-2048.png pool="local"
H1L1-PAGE_IFAR_FULL_DATA_2DET_CLOSED_BOX-1126257636-2048.png /home/rutuja.pilgar/gw152/output/results/5._background_triggers/5.02_H1L1_background/H1L1-PAGE_IFAR_FULL_DATA_2DET_CLOSED_BOX-1126257636-2048.png pool="local"
H1L1-PAGE_FOREGROUND_FULL_DATA_2DET-1126257636-2048.html /home/rutuja.pilgar/gw152/output/results/8._open_box_result/8.03_H1L1_candidates/H1L1-PAGE_FOREGROUND_FULL_DATA_2DET-1126257636-2048.html pool="local"
L1-PLOT_SNRIFAR_FULL_DATA_1DET-1126257636-2048.png /home/rutuja.pilgar/gw152/output/results/8._open_box_result/8.04_L1_candidates/L1-PLOT_SNRIFAR_FULL_DATA_1DET-1126257636-2048.png pool="local"
L1-PLOT_SNRIFAR_FULL_DATA_1DET_CLOSED-1126257636-2048.png /home/rutuja.pilgar/gw152/output/results/5._background_triggers/5.03_L1_background/L1-PLOT_SNRIFAR_FULL_DATA_1DET_CLOSED-1126257636-2048.png pool="local"
L1-PLOT_SNRRATEHIST_FULL_DATA_1DET-1126257636-2048.png /home/rutuja.pilgar/gw152/output/results/8._open_box_result/8.04_L1_candidates/L1-PLOT_SNRRATEHIST_FULL_DATA_1DET-1126257636-2048.png pool="local"
L1-PLOT_SNRIFAR_FULL_DATA_1DET_IFAR-1126257636-2048.png /home/rutuja.pilgar/gw152/output/results/8._open_box_result/8.04_L1_candidates/L1-PLOT_SNRIFAR_FULL_DATA_1DET_IFAR-1126257636-2048.png pool="local"
L1-PAGE_IFAR_FULL_DATA_1DET_OPEN_BOX-1126257636-2048.png /home/rutuja.pilgar/gw152/output/results/8._open_box_result/8.04_L1_candidates/L1-PAGE_IFAR_FULL_DATA_1DET_OPEN_BOX-1126257636-2048.png pool="local"
L1-PAGE_FOREGROUND_FULL_DATA_1DET-1126257636-2048.html /home/rutuja.pilgar/gw152/output/results/8._open_box_result/8.04_L1_candidates/L1-PAGE_FOREGROUND_FULL_DATA_1DET-1126257636-2048.html pool="local"
H1-PLOT_SNRIFAR_FULL_DATA_1DET-1126257636-2048.png /home/rutuja.pilgar/gw152/output/results/8._open_box_result/8.05_H1_candidates/H1-PLOT_SNRIFAR_FULL_DATA_1DET-1126257636-2048.png pool="local"
H1-PLOT_SNRIFAR_FULL_DATA_1DET_CLOSED-1126257636-2048.png /home/rutuja.pilgar/gw152/output/results/5._background_triggers/5.04_H1_background/H1-PLOT_SNRIFAR_FULL_DATA_1DET_CLOSED-1126257636-2048.png pool="local"
H1-PLOT_SNRRATEHIST_FULL_DATA_1DET-1126257636-2048.png /home/rutuja.pilgar/gw152/output/results/8._open_box_result/8.05_H1_candidates/H1-PLOT_SNRRATEHIST_FULL_DATA_1DET-1126257636-2048.png pool="local"
H1-PLOT_SNRIFAR_FULL_DATA_1DET_IFAR-1126257636-2048.png /home/rutuja.pilgar/gw152/output/results/8._open_box_result/8.05_H1_candidates/H1-PLOT_SNRIFAR_FULL_DATA_1DET_IFAR-1126257636-2048.png pool="local"
H1-PAGE_IFAR_FULL_DATA_1DET_OPEN_BOX-1126257636-2048.png /home/rutuja.pilgar/gw152/output/results/8._open_box_result/8.05_H1_candidates/H1-PAGE_IFAR_FULL_DATA_1DET_OPEN_BOX-1126257636-2048.png pool="local"
H1-PAGE_FOREGROUND_FULL_DATA_1DET-1126257636-2048.html /home/rutuja.pilgar/gw152/output/results/8._open_box_result/8.05_H1_candidates/H1-PAGE_FOREGROUND_FULL_DATA_1DET-1126257636-2048.html pool="local"
HL-INJECTIONS_BBH-1126257636-2048.xml /home/rutuja.pilgar/gw152/output/inj_files/HL-INJECTIONS_BBH-1126257636-2048.xml pool="local"
H1L1-INJ2HDF_BBH-1126257636-2048.hdf /home/rutuja.pilgar/gw152/output/inj_files/H1L1-INJ2HDF_BBH-1126257636-2048.hdf pool="local"
H1L1-OPTIMAL_SNR_MERGE_BBH_INJECTIONS-1126257636-2048.hdf /home/rutuja.pilgar/gw152/output/inj_files/H1L1-OPTIMAL_SNR_MERGE_BBH_INJECTIONS-1126257636-2048.hdf pool="local"
H1-HDF_TRIGGER_MERGE_BBH_INJECTIONS-1126257636-2048.hdf /home/rutuja.pilgar/gw152/output/BBH_coinc/H1-HDF_TRIGGER_MERGE_BBH_INJECTIONS-1126257636-2048.hdf pool="local"
L1-HDF_TRIGGER_MERGE_BBH_INJECTIONS-1126257636-2048.hdf /home/rutuja.pilgar/gw152/output/BBH_coinc/L1-HDF_TRIGGER_MERGE_BBH_INJECTIONS-1126257636-2048.hdf pool="local"
H1L1-STATMAP_INJ_BBH_INJECTIONS_2DET_VETOES-1126257636-2048.hdf /home/rutuja.pilgar/gw152/output/BBH_coinc/H1L1-STATMAP_INJ_BBH_INJECTIONS_2DET_VETOES-1126257636-2048.hdf pool="local"
L1-SNGLS_STATMAP_INJ_BBH_INJECTIONS_1DET-1126257636-2048.hdf /home/rutuja.pilgar/gw152/output/BBH_coinc/L1-SNGLS_STATMAP_INJ_BBH_INJECTIONS_1DET-1126257636-2048.hdf pool="local"
H1-SNGLS_STATMAP_INJ_BBH_INJECTIONS_1DET-1126257636-2048.hdf /home/rutuja.pilgar/gw152/output/BBH_coinc/H1-SNGLS_STATMAP_INJ_BBH_INJECTIONS_1DET-1126257636-2048.hdf pool="local"
H1L1-COMBINE_STATMAP_BBH_INJECTIONS-1126257636-2048.hdf /home/rutuja.pilgar/gw152/output/BBH_coinc/H1L1-COMBINE_STATMAP_BBH_INJECTIONS-1126257636-2048.hdf pool="local"
H1L1-HDFINJFIND_BBH_INJECTIONS-1126257636-2048.hdf /home/rutuja.pilgar/gw152/output/BBH_coinc/H1L1-HDFINJFIND_BBH_INJECTIONS-1126257636-2048.hdf pool="local"
H1L1-HDFINJFIND_ALL_INJECTIONS-1126257636-2048.hdf /home/rutuja.pilgar/gw152/output/allinj/H1L1-HDFINJFIND_ALL_INJECTIONS-1126257636-2048.hdf pool="local"
H1L1-PLOT_FOUNDMISSED_SUB_MCHIRP_GRAD_BBH-1126257636-2048.png /home/rutuja.pilgar/gw152/output/results/6._injections/6.01_BBH/H1L1-PLOT_FOUNDMISSED_SUB_MCHIRP_GRAD_BBH-1126257636-2048.png pool="local"
H1L1-PLOT_FOUNDMISSED_SUB_MCHIRP_GRADM_BBH-1126257636-2048.png /home/rutuja.pilgar/gw152/output/results/6._injections/6.01_BBH/H1L1-PLOT_FOUNDMISSED_SUB_MCHIRP_GRADM_BBH-1126257636-2048.png pool="local"
H1L1-PAGE_INJECTIONS_BBH_FOUND-1126257636-2048.html /home/rutuja.pilgar/gw152/output/results/6._injections/6.01_BBH/H1L1-PAGE_INJECTIONS_BBH_FOUND-1126257636-2048.html pool="local"
H1L1-PAGE_INJECTIONS_BBH_MISSED-1126257636-2048.html /home/rutuja.pilgar/gw152/output/results/6._injections/6.01_BBH/H1L1-PAGE_INJECTIONS_BBH_MISSED-1126257636-2048.html pool="local"
L1-PLOT_COINC_SNRCHI_INJ_BBH_H1L1-1126257636-2048.png /home/rutuja.pilgar/gw152/output/results/6._injections/6.01_BBH/L1-PLOT_COINC_SNRCHI_INJ_BBH_H1L1-1126257636-2048.png pool="local"
H1-PLOT_COINC_SNRCHI_INJ_BBH_H1L1-1126257636-2048.png /home/rutuja.pilgar/gw152/output/results/6._injections/6.01_BBH/H1-PLOT_COINC_SNRCHI_INJ_BBH_H1L1-1126257636-2048.png pool="local"
H1L1-INJECTION_MINIFOLLOWUP_BBH-1126257636-2048.dax /home/rutuja.pilgar/gw152/output/daxes/H1L1-INJECTION_MINIFOLLOWUP_BBH-1126257636-2048.dax pool="local"
H1L1-INJECTION_MINIFOLLOWUP_BBH-1126257636-2048.dax.map /home/rutuja.pilgar/gw152/output/daxes/H1L1-INJECTION_MINIFOLLOWUP_BBH-1126257636-2048.dax.map pool="local"
H1L1-PLOT_THROUGHPUT_BBH-1126257636-2048.png /home/rutuja.pilgar/gw152/output/results/9._workflow/9.01_throughput/H1L1-PLOT_THROUGHPUT_BBH-1126257636-2048.png pool="local"
H1L1-PLOT_SENSITIVITY_ALL_MCHIRP-1126257636-2048.png /home/rutuja.pilgar/gw152/output/results/7._search_sensitivity/H1L1-PLOT_SENSITIVITY_ALL_MCHIRP-1126257636-2048.png pool="local"
H1L1-PLOT_SENSITIVITY_ALL_MCHIRPVT-1126257636-2048.png /home/rutuja.pilgar/gw152/output/results/7._search_sensitivity/H1L1-PLOT_SENSITIVITY_ALL_MCHIRPVT-1126257636-2048.png pool="local"
H1L1-PLOT_FOUNDMISSED_ALL_MCHIRP_GRAD-1126257636-2048.png /home/rutuja.pilgar/gw152/output/results/6._injections/H1L1-PLOT_FOUNDMISSED_ALL_MCHIRP_GRAD-1126257636-2048.png pool="local"
H1L1-PLOT_FOUNDMISSED_ALL_MCHIRP_GRADM-1126257636-2048.png /home/rutuja.pilgar/gw152/output/results/6._injections/H1L1-PLOT_FOUNDMISSED_ALL_MCHIRP_GRADM-1126257636-2048.png pool="local"
H1L1-PLOT_SENSITIVITY_SUMMARY_MCHIRP-1126257636-2048.png /home/rutuja.pilgar/gw152/output/results/7._search_sensitivity/H1L1-PLOT_SENSITIVITY_SUMMARY_MCHIRP-1126257636-2048.png pool="local"
H1L1-PLOT_SENSITIVITY_SUMMARY_MCHIRPVT-1126257636-2048.png /home/rutuja.pilgar/gw152/output/results/7._search_sensitivity/H1L1-PLOT_SENSITIVITY_SUMMARY_MCHIRPVT-1126257636-2048.png pool="local"
H1L1-PLOT_FOUNDMISSED_SUMMARY-1126257636-2048.png /home/rutuja.pilgar/gw152/output/results/6._injections/H1L1-PLOT_FOUNDMISSED_SUMMARY-1126257636-2048.png pool="local"
H1L1-PLOT_FOUNDMISSED_SUMMARYM-1126257636-2048.png /home/rutuja.pilgar/gw152/output/results/6._injections/H1L1-PLOT_FOUNDMISSED_SUMMARYM-1126257636-2048.png pool="local"
H1L1-PAGE_VERSIONING-1126257636-2048.html /home/rutuja.pilgar/gw152/output/results/9._workflow/9.03_version/H1L1-PAGE_VERSIONING-1126257636-2048.html pool="local"
